src/app/RootLayout.tsx(3,10): error TS2614: Module '"@/components/ThemeToggle"' has no exported member 'ThemeToggle'. Did you mean to use 'import ThemeToggle from "@/components/ThemeToggle"' instead?
src/components/CertificationCard.tsx(1,10): error TS1484: 'Certification' is a type and must be imported using a type-only import when 'verbatimModuleSyntax' is enabled.
src/main.tsx(1,1): error TS6133: 'React' is declared but its value is never read.
